// Jest Snapshot v1, https://goo.gl/fbAQLP

exports[`tests => SeparateChildren should match snapshot 1`] = `null`;
