// Jest Snapshot v1, https://goo.gl/fbAQLP

exports[`AppText renders correctly 1`] = `
<Text>
  AppText Component
</Text>
`;
